exports[`<InputtableButton /> renders correctly 1`] = `
<div
  className="undefined
                    ">
  <button
    onClick={[Function]}>
    <i
      aria-hidden="true"
      className="undefined undefined" />
    Search
  </button>
  <input
    onBlur={[Function]}
    onChange={[Function]}
    onKeyDown={[Function]}
    placeholder="" />
  <i
    aria-hidden="true"
    className="undefined undefined undefined" />
</div>
`;
